// Jest Snapshot v1, https://goo.gl/fbAQLP

exports[`Services to match snapshot 1`] = `
<div>
  <section
    class="bg-white py-8 md:py-16"
    id="services"
  >
    <div
      class="MuiContainer-root MuiContainer-maxWidthLg css-1oqqzyl-MuiContainer-root"
    >
      <div
        class="mb-8 flex flex-col items-center justify-center"
      >
        <h1
          class="mb-2 w-full text-center text-5xl font-bold leading-tight text-white text-gray-900"
        >
          Services
        </h1>
        <div
          class="w-full"
        >
          <div
            class="gradient mx-auto h-1 w-64 rounded-t bg-white py-0 opacity-25"
          />
        </div>
      </div>
      <div
        class="flex flex-col gap-8"
      >
        <div
          class="grid grid-cols-1 gap-8 md:grid-cols-2"
        >
          <div
            class="order-2 col-span-1 md:order-1"
          >
            <div
              class="flex h-full items-center"
            >
              <div
                class="flex flex-col gap-4"
              >
                <h2
                  class="text-3xl font-bold text-gray-900"
                >
                  Lorem ipsum dolor sit amet
                </h2>
                <p
                  class="text-gray-700"
                >
                  Lorem ipsum dolor sit amet, consectetur adipiscing elit. Aliquam at ipsum eu nunc commodo posuere et sit amet ligula.
                </p>
              </div>
            </div>
          </div>
          <div
            class="order-1 col-span-1 md:order-2"
          >
            <img
              alt="travel booking"
              class="mx-auto w-full sm:h-64"
              data-nimg="1"
              decoding="async"
              height="40"
              loading="lazy"
              src="/_next/image?url=%2Fimg.jpg&w=96&q=75"
              srcset="/_next/image?url=%2Fimg.jpg&w=48&q=75 1x, /_next/image?url=%2Fimg.jpg&w=96&q=75 2x"
              style="color: transparent;"
              width="40"
            />
          </div>
        </div>
        <div
          class="grid grid-cols-1 gap-8 md:grid-cols-2"
        >
          <div
            class="col-span-1"
          >
            <img
              alt="connected-world"
              class="mx-auto w-5/6 sm:h-64"
              data-nimg="1"
              decoding="async"
              height="40"
              loading="lazy"
              src="/_next/image?url=%2Fimg.jpg&w=96&q=75"
              srcset="/_next/image?url=%2Fimg.jpg&w=48&q=75 1x, /_next/image?url=%2Fimg.jpg&w=96&q=75 2x"
              style="color: transparent;"
              width="40"
            />
          </div>
          <div
            class="col-span-1"
          >
            <div
              class="flex h-full items-center"
            >
              <div
                class="flex flex-col gap-4"
              >
                <h2
                  class="text-3xl font-bold text-gray-900"
                >
                  Lorem ipsum dolor sit amet
                </h2>
                <p
                  class="text-gray-700"
                >
                  Lorem ipsum dolor sit amet, consectetur adipiscing elit. Aliquam at ipsum eu nunc commodo posuere et sit amet ligula.
                </p>
              </div>
            </div>
          </div>
        </div>
      </div>
    </div>
  </section>
</div>
`;
