// Jest Snapshot v1, https://goo.gl/fbAQLP

exports[`Skills to match snapshot 1`] = `
<div>
  <div
    class="h-full bg-gray-900 bg-cover bg-center bg-no-repeat py-32"
    id="skills"
  >
    <div
      class="MuiContainer-root MuiContainer-maxWidthLg css-1oqqzyl-MuiContainer-root"
    >
      <div
        class="text-center"
      >
        <h1
          class="mb-8 text-4xl font-bold text-white"
        >
          Skills
        </h1>
        <h2
          class="mx-auto mb-16 max-w-3xl text-gray-500"
        >
          lorem ipsum dolor sit amet, consectetur adipisicing elit. Pariatur, cupiditate! Molestiae placeat architecto nihil obcaecati illum minima incidunt dolores? Officia consectetur optio non totam cum eos soluta ipsa et quod.
        </h2>
      </div>
      <div
        class="relative"
      >
        <div
          class="absolute -z-10"
        >
          <svg>
            <defs>
              <lineargradient
                id="CircularProgressGradient"
                x1="0%"
                x2="0%"
                y1="0%"
                y2="100%"
              >
                <stop
                  offset="0%"
                  stop-color="#b004b0"
                />
                <stop
                  offset="100%"
                  stop-color="#38097a"
                />
              </lineargradient>
            </defs>
          </svg>
        </div>
      </div>
      <div
        class="grid grid-cols-1 gap-8 md:grid-cols-3"
      >
        <div
          class="col-span-1"
        >
          <div
            class="relative"
          >
            <div
              class="absolute flex h-full w-full items-center justify-center text-2xl text-white"
            >
              100
              %
            </div>
            <span
              aria-valuenow="100"
              class="MuiCircularProgress-root MuiCircularProgress-determinate MuiCircularProgress-colorPrimary mx-auto block css-wsg6di-MuiCircularProgress-root"
              role="progressbar"
              style="width: 200px; height: 200px; transform: rotate(-90deg);"
            >
              <svg
                class="MuiCircularProgress-svg css-1idz92c-MuiCircularProgress-svg"
                viewBox="22 22 44 44"
              >
                <circle
                  class="MuiCircularProgress-circle MuiCircularProgress-circleDeterminate css-oxts8u-MuiCircularProgress-circle"
                  cx="44"
                  cy="44"
                  fill="none"
                  r="20.2"
                  stroke-width="3.6"
                  style="stroke-dasharray: 126.920; stroke-dashoffset: 0.000px;"
                />
              </svg>
            </span>
          </div>
          <p
            class="mt-8 text-center text-white"
          >
            Web Development
          </p>
        </div>
        <div
          class="col-span-1"
        >
          <div
            class="relative"
          >
            <div
              class="absolute flex h-full w-full items-center justify-center text-2xl text-white"
            >
              75
              %
            </div>
            <span
              aria-valuenow="75"
              class="MuiCircularProgress-root MuiCircularProgress-determinate MuiCircularProgress-colorPrimary mx-auto block css-wsg6di-MuiCircularProgress-root"
              role="progressbar"
              style="width: 200px; height: 200px; transform: rotate(-90deg);"
            >
              <svg
                class="MuiCircularProgress-svg css-1idz92c-MuiCircularProgress-svg"
                viewBox="22 22 44 44"
              >
                <circle
                  class="MuiCircularProgress-circle MuiCircularProgress-circleDeterminate css-oxts8u-MuiCircularProgress-circle"
                  cx="44"
                  cy="44"
                  fill="none"
                  r="20.2"
                  stroke-width="3.6"
                  style="stroke-dasharray: 126.920; stroke-dashoffset: 31.730px;"
                />
              </svg>
            </span>
          </div>
          <p
            class="mt-8 text-center text-white"
          >
            Amazon Web Services
          </p>
        </div>
        <div
          class="col-span-1"
        >
          <div
            class="relative"
          >
            <div
              class="absolute flex h-full w-full items-center justify-center text-2xl text-white"
            >
              50
              %
            </div>
            <span
              aria-valuenow="50"
              class="MuiCircularProgress-root MuiCircularProgress-determinate MuiCircularProgress-colorPrimary mx-auto block css-wsg6di-MuiCircularProgress-root"
              role="progressbar"
              style="width: 200px; height: 200px; transform: rotate(-90deg);"
            >
              <svg
                class="MuiCircularProgress-svg css-1idz92c-MuiCircularProgress-svg"
                viewBox="22 22 44 44"
              >
                <circle
                  class="MuiCircularProgress-circle MuiCircularProgress-circleDeterminate css-oxts8u-MuiCircularProgress-circle"
                  cx="44"
                  cy="44"
                  fill="none"
                  r="20.2"
                  stroke-width="3.6"
                  style="stroke-dasharray: 126.920; stroke-dashoffset: 63.460px;"
                />
              </svg>
            </span>
          </div>
          <p
            class="mt-8 text-center text-white"
          >
            Machine Learning
          </p>
        </div>
      </div>
    </div>
  </div>
</div>
`;
