// Jest Snapshot v1, https://goo.gl/fbAQLP

exports[`Heading to match snapshot 1`] = `
<div>
  <h1
    class="mb-8 text-center text-2xl capitalize dark:text-white md:text-3xl lg:text-4xl"
  >
    Heading
  </h1>
</div>
`;
