// Jest Snapshot v1, https://goo.gl/fbAQLP

exports[`Description to match snapshot 1`] = `
<div>
  <p
    class="mx-auto mb-8 max-w-xl text-center leading-8 text-gray-800 dark:text-gray-200"
  >
    Description
  </p>
</div>
`;
