// Jest Snapshot v1, https://goo.gl/fbAQLP

exports[`NotFoundPage to match snapshot 1`] = `
<div>
  <div
    class="w-full h-screen"
  >
    <div
      class="w-full h-full flex items-center justify-center"
    >
      <div
        class="flex flex-col text-center gap-4"
      >
        <h1
          class="font-bold text-8xl"
        >
          404
        </h1>
        <p
          class="uppercase text-4xl"
        >
          Not Found
        </p>
      </div>
    </div>
  </div>
</div>
`;
