// Jest Snapshot v1, https://goo.gl/fbAQLP

exports[`Hero to match snapshot 1`] = `
<div>
  <div
    class="h-screen bg-cover bg-fixed bg-center bg-no-repeat"
    id="hero"
    style="background-image: url(/img.jpg);"
  >
    <div
      class="h-full bg-gray-900/25"
    >
      <div
        class="MuiContainer-root MuiContainer-maxWidthLg h-full css-1oqqzyl-MuiContainer-root"
      >
        <div
          class="grid h-full grid-cols-1 gap-8 md:grid-cols-2"
        >
          <div
            class="col-span-1"
          >
            <div
              class="flex h-full items-center justify-center"
            >
              <div
                class="text-white"
              >
                <h1
                  class="text-4xl font-bold"
                >
                  Hi! I'm 
                  Hieu
                </h1>
                <p
                  class="my-4 max-w-lg"
                >
                  This website is build with Next.js, Tailwindcss and MUI (my front-end techstack). My back-end teckstack includes Node.js, GraphQL, Prisma, MongoDB, PostgreSQL and Supabase. I am self-learning Machine Learning.
                </p>
                <div
                  class="flex items-center gap-4"
                >
                  <a
                    href="https://facebook.com/hieudoanm"
                    target="_blank"
                  >
                    <svg
                      aria-hidden="true"
                      class="MuiSvgIcon-root MuiSvgIcon-fontSizeMedium css-i4bv87-MuiSvgIcon-root"
                      data-testid="FacebookIcon"
                      focusable="false"
                      viewBox="0 0 24 24"
                    >
                      <path
                        d="M5 3h14a2 2 0 0 1 2 2v14a2 2 0 0 1-2 2H5a2 2 0 0 1-2-2V5a2 2 0 0 1 2-2m13 2h-2.5A3.5 3.5 0 0 0 12 8.5V11h-2v3h2v7h3v-7h3v-3h-3V9a1 1 0 0 1 1-1h2V5z"
                      />
                    </svg>
                  </a>
                  <a
                    href="https://twitter.com/hieudoanm"
                    target="_blank"
                  >
                    <svg
                      aria-hidden="true"
                      class="MuiSvgIcon-root MuiSvgIcon-fontSizeMedium css-i4bv87-MuiSvgIcon-root"
                      data-testid="TwitterIcon"
                      focusable="false"
                      viewBox="0 0 24 24"
                    >
                      <path
                        d="M22.46 6c-.77.35-1.6.58-2.46.69.88-.53 1.56-1.37 1.88-2.38-.83.5-1.75.85-2.72 1.05C18.37 4.5 17.26 4 16 4c-2.35 0-4.27 1.92-4.27 4.29 0 .34.04.67.11.98C8.28 9.09 5.11 7.38 3 4.79c-.37.63-.58 1.37-.58 2.15 0 1.49.75 2.81 1.91 3.56-.71 0-1.37-.2-1.95-.5v.03c0 2.08 1.48 3.82 3.44 4.21a4.22 4.22 0 0 1-1.93.07 4.28 4.28 0 0 0 4 2.98 8.521 8.521 0 0 1-5.33 1.84c-.34 0-.68-.02-1.02-.06C3.44 20.29 5.7 21 8.12 21 16 21 20.33 14.46 20.33 8.79c0-.19 0-.37-.01-.56.84-.6 1.56-1.36 2.14-2.23z"
                      />
                    </svg>
                  </a>
                  <a
                    href="https://github.com/hieudoanm"
                    target="_blank"
                  >
                    <svg
                      aria-hidden="true"
                      class="MuiSvgIcon-root MuiSvgIcon-fontSizeMedium css-i4bv87-MuiSvgIcon-root"
                      data-testid="GitHubIcon"
                      focusable="false"
                      viewBox="0 0 24 24"
                    >
                      <path
                        d="M12 1.27a11 11 0 00-3.48 21.46c.55.09.73-.28.73-.55v-1.84c-3.03.64-3.67-1.46-3.67-1.46-.55-1.29-1.28-1.65-1.28-1.65-.92-.65.1-.65.1-.65 1.1 0 1.73 1.1 1.73 1.1.92 1.65 2.57 1.2 3.21.92a2 2 0 01.64-1.47c-2.47-.27-5.04-1.19-5.04-5.5 0-1.1.46-2.1 1.2-2.84a3.76 3.76 0 010-2.93s.91-.28 3.11 1.1c1.8-.49 3.7-.49 5.5 0 2.1-1.38 3.02-1.1 3.02-1.1a3.76 3.76 0 010 2.93c.83.74 1.2 1.74 1.2 2.94 0 4.21-2.57 5.13-5.04 5.4.45.37.82.92.82 2.02v3.03c0 .27.1.64.73.55A11 11 0 0012 1.27"
                      />
                    </svg>
                  </a>
                </div>
              </div>
            </div>
          </div>
          <div
            class="relative col-span-1"
          >
            <div
              class="astronout absolute right-28 hidden w-[400px] md:block"
            >
              <img
                alt="astronout"
                class="w-96"
                data-nimg="1"
                decoding="async"
                height="40"
                src="/_next/image?url=%2Fimg.jpg&w=96&q=75"
                srcset="/_next/image?url=%2Fimg.jpg&w=48&q=75 1x, /_next/image?url=%2Fimg.jpg&w=96&q=75 2x"
                style="color: transparent;"
                width="40"
              />
            </div>
          </div>
        </div>
      </div>
    </div>
  </div>
</div>
`;
