// Jest Snapshot v1, https://goo.gl/fbAQLP

exports[`Heading to match snapshot 1`] = `
<div>
  <h1
    class="text-2xl"
  >
    Heading
  </h1>
</div>
`;
