// Jest Snapshot v1, https://goo.gl/fbAQLP

exports[`Heading to match snapshot 1`] = `
<div>
  <div
    class="mb-8 flex flex-col items-center justify-center"
  >
    <h1
      class="mb-2 w-full text-center text-5xl font-bold leading-tight text-white "
    />
    <div
      class="w-full"
    >
      <div
        class="bg-white mx-auto h-1 w-64 rounded-t bg-white py-0 opacity-25"
      />
    </div>
  </div>
</div>
`;
