// Jest Snapshot v1, https://goo.gl/fbAQLP

exports[`Hero to match snapshot 1`] = `
<div>
  <section
    id="hero"
  >
    <div
      class="pt-32"
    >
      <div
        class="MuiContainer-root MuiContainer-maxWidthLg css-1oqqzyl-MuiContainer-root"
      >
        <div
          class="grid grid-cols-1 gap-8 md:grid-cols-2"
        >
          <div
            class="col-span-1"
          >
            <div
              class="flex h-full items-center"
            >
              <div
                class="flex w-full flex-col text-center md:text-left"
              >
                <p
                  class="tracking-loose w-full uppercase"
                >
                  What business are you?
                </p>
                <h1
                  class="my-4 text-5xl font-bold leading-tight"
                >
                  Main Hero Message to sell yourself!
                </h1>
                <p
                  class="mb-8 text-2xl leading-normal"
                >
                  Sub-hero message, not too long and not too short. Make it just right!
                </p>
                <button
                  class="MuiButtonBase-root MuiButton-root MuiButton-contained MuiButton-containedPrimary MuiButton-sizeMedium MuiButton-containedSizeMedium MuiButton-root MuiButton-contained MuiButton-containedPrimary MuiButton-sizeMedium MuiButton-containedSizeMedium mx-auto w-32 md:mx-0 css-mdb7lr-MuiButtonBase-root-MuiButton-root"
                  tabindex="0"
                  type="button"
                >
                  Download
                  <span
                    class="MuiTouchRipple-root css-8je8zh-MuiTouchRipple-root"
                  />
                </button>
              </div>
            </div>
          </div>
          <div
            class="col-span-1"
          >
            <img
              alt="hero"
              class="w-full"
              data-nimg="1"
              decoding="async"
              height="40"
              loading="lazy"
              src="/_next/image?url=%2Fimg.jpg&w=96&q=75"
              srcset="/_next/image?url=%2Fimg.jpg&w=48&q=75 1x, /_next/image?url=%2Fimg.jpg&w=96&q=75 2x"
              style="color: transparent;"
              width="40"
            />
          </div>
        </div>
      </div>
    </div>
    <div>
      <img
        alt="wave"
        class="w-full"
        data-nimg="1"
        decoding="async"
        height="40"
        loading="lazy"
        src="/_next/image?url=%2Fimg.jpg&w=96&q=75"
        srcset="/_next/image?url=%2Fimg.jpg&w=48&q=75 1x, /_next/image?url=%2Fimg.jpg&w=96&q=75 2x"
        style="color: transparent;"
        width="40"
      />
    </div>
  </section>
</div>
`;
