// Jest Snapshot v1, https://goo.gl/fbAQLP

exports[`HomeTemplate to match snapshot 1`] = `
<div>
  <div
    class="h-screen bg-cover bg-fixed bg-right"
    style="background-image: url(/img.jpg);"
  >
    <div
      class="block h-screen items-center justify-center md:flex"
    >
      <main>
        <div
          class="w-full py-8"
        >
          <div
            class="MuiContainer-root MuiContainer-maxWidthLg css-1oqqzyl-MuiContainer-root"
          >
            <div
              class="flex w-full items-center justify-between"
            >
              <a
                class="flex items-center gap-4 text-indigo-400"
                href="#"
              >
                <svg
                  aria-hidden="true"
                  class="MuiSvgIcon-root MuiSvgIcon-fontSizeLarge fill-current text-indigo-600 css-tzssek-MuiSvgIcon-root"
                  data-testid="DashboardIcon"
                  focusable="false"
                  viewBox="0 0 24 24"
                >
                  <path
                    d="M3 13h8V3H3v10zm0 8h8v-6H3v6zm10 0h8V11h-8v10zm0-18v6h8V3h-8z"
                  />
                </svg>
                <span
                  class="text-4xl font-bold"
                >
                  APP
                </span>
              </a>
              <div
                class="flex w-1/2 items-center justify-end gap-4"
              >
                <a
                  class="text-blue-300 hover:text-indigo-800"
                  data-tippy-content="@twitter_handle"
                  href="https://twitter.com/intent/tweet?url=#"
                >
                  <svg
                    aria-hidden="true"
                    class="MuiSvgIcon-root MuiSvgIcon-fontSizeLarge fill-current css-tzssek-MuiSvgIcon-root"
                    data-testid="TwitterIcon"
                    focusable="false"
                    viewBox="0 0 24 24"
                  >
                    <path
                      d="M22.46 6c-.77.35-1.6.58-2.46.69.88-.53 1.56-1.37 1.88-2.38-.83.5-1.75.85-2.72 1.05C18.37 4.5 17.26 4 16 4c-2.35 0-4.27 1.92-4.27 4.29 0 .34.04.67.11.98C8.28 9.09 5.11 7.38 3 4.79c-.37.63-.58 1.37-.58 2.15 0 1.49.75 2.81 1.91 3.56-.71 0-1.37-.2-1.95-.5v.03c0 2.08 1.48 3.82 3.44 4.21a4.22 4.22 0 0 1-1.93.07 4.28 4.28 0 0 0 4 2.98 8.521 8.521 0 0 1-5.33 1.84c-.34 0-.68-.02-1.02-.06C3.44 20.29 5.7 21 8.12 21 16 21 20.33 14.46 20.33 8.79c0-.19 0-.37-.01-.56.84-.6 1.56-1.36 2.14-2.23z"
                    />
                  </svg>
                </a>
                <a
                  class="text-blue-300 hover:text-indigo-800"
                  data-tippy-content="#facebook_id"
                  href="https://www.facebook.com/sharer/sharer.php?u=#"
                >
                  <svg
                    aria-hidden="true"
                    class="MuiSvgIcon-root MuiSvgIcon-fontSizeLarge fill-current css-tzssek-MuiSvgIcon-root"
                    data-testid="FacebookIcon"
                    focusable="false"
                    viewBox="0 0 24 24"
                  >
                    <path
                      d="M5 3h14a2 2 0 0 1 2 2v14a2 2 0 0 1-2 2H5a2 2 0 0 1-2-2V5a2 2 0 0 1 2-2m13 2h-2.5A3.5 3.5 0 0 0 12 8.5V11h-2v3h2v7h3v-7h3v-3h-3V9a1 1 0 0 1 1-1h2V5z"
                    />
                  </svg>
                </a>
              </div>
            </div>
          </div>
        </div>
        <div
          class="MuiContainer-root MuiContainer-maxWidthLg py-16 md:py-32 css-1oqqzyl-MuiContainer-root"
        >
          <div
            class="grid grid-cols-1 gap-16 md:grid-cols-2 md:gap-8"
          >
            <div
              class="col-span-1"
            >
              <div
                class="flex w-full flex-col justify-center overflow-y-hidden"
              >
                <h1
                  class="slide-in-bottom-h1 mb-8 text-center text-3xl font-bold leading-tight text-purple-800 md:text-left md:text-5xl"
                >
                  Main Hero Message to sell your app
                </h1>
                <p
                  class="slide-in-bottom-subtitle mb-8 text-center text-base leading-normal text-gray-900 md:text-left md:text-2xl"
                >
                  Sub-hero message, not too long and not too short. Make it just right!
                </p>
                <p
                  class="fade-in mb-8 text-center font-bold capitalize text-blue-400 md:text-left"
                >
                  Download our app
                </p>
                <div
                  class="fade-in flex w-full justify-center gap-4 md:justify-start md:gap-8"
                >
                  <a
                    class="w-48"
                    href="#"
                    target="_blank"
                  >
                    <img
                      alt="App Store"
                      class="bounce-top-icons"
                      data-nimg="1"
                      decoding="async"
                      height="40"
                      loading="lazy"
                      src="/_next/image?url=%2Fimg.jpg&w=96&q=75"
                      srcset="/_next/image?url=%2Fimg.jpg&w=48&q=75 1x, /_next/image?url=%2Fimg.jpg&w=96&q=75 2x"
                      style="color: transparent;"
                      width="40"
                    />
                  </a>
                  <a
                    class="w-48"
                    href="#"
                    target="_blank"
                  >
                    <img
                      alt="Play Store"
                      class="bounce-top-icons"
                      data-nimg="1"
                      decoding="async"
                      height="40"
                      loading="lazy"
                      src="/_next/image?url=%2Fimg.jpg&w=96&q=75"
                      srcset="/_next/image?url=%2Fimg.jpg&w=48&q=75 1x, /_next/image?url=%2Fimg.jpg&w=96&q=75 2x"
                      style="color: transparent;"
                      width="40"
                    />
                  </a>
                </div>
              </div>
            </div>
            <div
              class="col-span-1"
            >
              <img
                alt="devices"
                class="slide-in-bottom mx-auto"
                data-nimg="1"
                decoding="async"
                height="40"
                loading="lazy"
                src="/_next/image?url=%2Fimg.jpg&w=96&q=75"
                srcset="/_next/image?url=%2Fimg.jpg&w=48&q=75 1x, /_next/image?url=%2Fimg.jpg&w=96&q=75 2x"
                style="color: transparent;"
                width="40"
              />
            </div>
          </div>
        </div>
        <footer
          class="fade-in w-full py-8 text-center md:text-left"
        >
          <div
            class="MuiContainer-root MuiContainer-maxWidthLg css-1oqqzyl-MuiContainer-root"
          >
            <a
              class="text-sm text-gray-500"
              href="#"
            >
              Â© App 
              2023
            </a>
          </div>
        </footer>
      </main>
    </div>
  </div>
</div>
`;
