// Jest Snapshot v1, https://goo.gl/fbAQLP

exports[`HomeTemplate to match snapshot 1`] = `
<div>
  <main
    class="bg-cover bg-center leading-normal tracking-wider text-gray-900 antialiased "
    style="background-image: url(/img.jpg);"
  >
    <div
      class="mx-auto flex h-auto max-w-4xl flex-wrap items-center py-32 lg:h-screen lg:py-0"
    >
      <div
        class="mx-6 w-full rounded-lg bg-white opacity-75 shadow-2xl dark:bg-gray-900 lg:mx-0 lg:w-3/5 lg:rounded-l-lg lg:rounded-r-none"
        id="profile"
      >
        <div
          class="p-4 text-center md:p-12 lg:text-left"
        >
          <div
            class="mx-auto -mt-16 block h-48 w-48 rounded-full bg-cover bg-center shadow-xl lg:hidden"
            style="background-image: url(/img.jpg);"
          />
          <div
            class="dark:text-white"
          >
            <h1
              class="pt-8 text-3xl font-bold lg:pt-0"
            >
              Hieu Doan
            </h1>
            <div
              class="mx-auto w-full border-b-2 border-sky-500 pt-3 opacity-25 lg:mx-0"
            />
            <p
              class="flex items-center justify-center pt-4 text-base font-bold lg:justify-start"
            >
              <svg
                aria-hidden="true"
                class="MuiSvgIcon-root MuiSvgIcon-fontSizeMedium mr-4 fill-current text-sky-700 css-i4bv87-MuiSvgIcon-root"
                data-testid="BusinessCenterIcon"
                focusable="false"
                viewBox="0 0 24 24"
              >
                <path
                  d="M10 16v-1H3.01L3 19c0 1.11.89 2 2 2h14c1.11 0 2-.89 2-2v-4h-7v1h-4zm10-9h-4.01V5l-2-2h-4l-2 2v2H4c-1.1 0-2 .9-2 2v3c0 1.11.89 2 2 2h6v-2h4v2h6c1.1 0 2-.9 2-2V9c0-1.1-.9-2-2-2zm-6 0h-4V5h4v2z"
                />
              </svg>
              Full-stack Developer
            </p>
            <p
              class="flex items-center justify-center pt-2 text-xs text-gray-600 lg:justify-start lg:text-sm"
            >
              <svg
                aria-hidden="true"
                class="MuiSvgIcon-root MuiSvgIcon-fontSizeMedium mr-4 fill-current text-sky-700 css-i4bv87-MuiSvgIcon-root"
                data-testid="LocationOnIcon"
                focusable="false"
                viewBox="0 0 24 24"
              >
                <path
                  d="M12 2C8.13 2 5 5.13 5 9c0 5.25 7 13 7 13s7-7.75 7-13c0-3.87-3.13-7-7-7zm0 9.5c-1.38 0-2.5-1.12-2.5-2.5s1.12-2.5 2.5-2.5 2.5 1.12 2.5 2.5-1.12 2.5-2.5 2.5z"
                />
              </svg>
              Ho Chi Minh City
            </p>
            <p
              class="pt-8 text-sm"
            >
              Totally optional short description about yourself, what you do and so on.
            </p>
          </div>
          <div
            class="pt-12 pb-8"
          >
            <a
              href="mailto:hieumdoan@gmail.com"
            >
              <button
                class="MuiButtonBase-root MuiButton-root MuiButton-outlined MuiButton-outlinedPrimary MuiButton-sizeMedium MuiButton-outlinedSizeMedium MuiButton-root MuiButton-outlined MuiButton-outlinedPrimary MuiButton-sizeMedium MuiButton-outlinedSizeMedium css-1rwt2y5-MuiButtonBase-root-MuiButton-root"
                tabindex="0"
                type="button"
              >
                Get In Touch
                <span
                  class="MuiTouchRipple-root css-8je8zh-MuiTouchRipple-root"
                />
              </button>
            </a>
          </div>
          <div
            class="mx-auto mt-6 flex w-4/5 flex-wrap items-center justify-between pb-16 lg:w-full lg:pb-0"
          >
            <a
              class="link"
              data-tippy-content="@facebook_handle"
              href="#"
            >
              <svg
                class="MuiSvgIcon-root MuiSvgIcon-fontSizeLarge fill-current text-gray-600 hover:text-sky-700 css-tzssek-MuiSvgIcon-root"
                data-testid="FacebookIcon"
                focusable="false"
                role="img"
                viewBox="0 0 24 24"
              >
                <path
                  d="M5 3h14a2 2 0 0 1 2 2v14a2 2 0 0 1-2 2H5a2 2 0 0 1-2-2V5a2 2 0 0 1 2-2m13 2h-2.5A3.5 3.5 0 0 0 12 8.5V11h-2v3h2v7h3v-7h3v-3h-3V9a1 1 0 0 1 1-1h2V5z"
                />
                <title>
                  facebook
                </title>
              </svg>
            </a>
            <a
              class="link"
              data-tippy-content="@twitter_handle"
              href="#"
            >
              <svg
                class="MuiSvgIcon-root MuiSvgIcon-fontSizeLarge fill-current text-gray-600 hover:text-sky-700 css-tzssek-MuiSvgIcon-root"
                data-testid="TwitterIcon"
                focusable="false"
                role="img"
                viewBox="0 0 24 24"
              >
                <path
                  d="M22.46 6c-.77.35-1.6.58-2.46.69.88-.53 1.56-1.37 1.88-2.38-.83.5-1.75.85-2.72 1.05C18.37 4.5 17.26 4 16 4c-2.35 0-4.27 1.92-4.27 4.29 0 .34.04.67.11.98C8.28 9.09 5.11 7.38 3 4.79c-.37.63-.58 1.37-.58 2.15 0 1.49.75 2.81 1.91 3.56-.71 0-1.37-.2-1.95-.5v.03c0 2.08 1.48 3.82 3.44 4.21a4.22 4.22 0 0 1-1.93.07 4.28 4.28 0 0 0 4 2.98 8.521 8.521 0 0 1-5.33 1.84c-.34 0-.68-.02-1.02-.06C3.44 20.29 5.7 21 8.12 21 16 21 20.33 14.46 20.33 8.79c0-.19 0-.37-.01-.56.84-.6 1.56-1.36 2.14-2.23z"
                />
                <title>
                  twitter
                </title>
              </svg>
            </a>
            <a
              class="link"
              data-tippy-content="@github_handle"
              href="#"
            >
              <svg
                class="MuiSvgIcon-root MuiSvgIcon-fontSizeLarge fill-current text-gray-600 hover:text-sky-700 css-tzssek-MuiSvgIcon-root"
                data-testid="GitHubIcon"
                focusable="false"
                role="img"
                viewBox="0 0 24 24"
              >
                <path
                  d="M12 1.27a11 11 0 00-3.48 21.46c.55.09.73-.28.73-.55v-1.84c-3.03.64-3.67-1.46-3.67-1.46-.55-1.29-1.28-1.65-1.28-1.65-.92-.65.1-.65.1-.65 1.1 0 1.73 1.1 1.73 1.1.92 1.65 2.57 1.2 3.21.92a2 2 0 01.64-1.47c-2.47-.27-5.04-1.19-5.04-5.5 0-1.1.46-2.1 1.2-2.84a3.76 3.76 0 010-2.93s.91-.28 3.11 1.1c1.8-.49 3.7-.49 5.5 0 2.1-1.38 3.02-1.1 3.02-1.1a3.76 3.76 0 010 2.93c.83.74 1.2 1.74 1.2 2.94 0 4.21-2.57 5.13-5.04 5.4.45.37.82.92.82 2.02v3.03c0 .27.1.64.73.55A11 11 0 0012 1.27"
                />
                <title>
                  github
                </title>
              </svg>
            </a>
            <a
              class="link"
              data-tippy-content="@unsplash_handle"
              href="#"
            >
              <svg
                class="MuiSvgIcon-root MuiSvgIcon-fontSizeLarge fill-current text-gray-600 hover:text-sky-700 css-tzssek-MuiSvgIcon-root"
                data-testid="LinkedInIcon"
                focusable="false"
                role="img"
                viewBox="0 0 24 24"
              >
                <path
                  d="M19 3a2 2 0 0 1 2 2v14a2 2 0 0 1-2 2H5a2 2 0 0 1-2-2V5a2 2 0 0 1 2-2h14m-.5 15.5v-5.3a3.26 3.26 0 0 0-3.26-3.26c-.85 0-1.84.52-2.32 1.3v-1.11h-2.79v8.37h2.79v-4.93c0-.77.62-1.4 1.39-1.4a1.4 1.4 0 0 1 1.4 1.4v4.93h2.79M6.88 8.56a1.68 1.68 0 0 0 1.68-1.68c0-.93-.75-1.69-1.68-1.69a1.69 1.69 0 0 0-1.69 1.69c0 .93.76 1.68 1.69 1.68m1.39 9.94v-8.37H5.5v8.37h2.77z"
                />
                <title>
                  linkedin
                </title>
              </svg>
            </a>
            <a
              class="link"
              data-tippy-content="@dribble_handle"
              href="#"
            >
              <svg
                class="MuiSvgIcon-root MuiSvgIcon-fontSizeLarge fill-current text-gray-600 hover:text-sky-700 css-tzssek-MuiSvgIcon-root"
                data-testid="RedditIcon"
                focusable="false"
                role="img"
                viewBox="0 0 24 24"
              >
                <path
                  d="M22 12.14a2.19 2.19 0 0 0-3.71-1.57 10.93 10.93 0 0 0-5.86-1.87l1-4.7 3.27.71a1.56 1.56 0 1 0 .16-.76l-3.64-.77c-.11-.02-.22 0-.29.06-.09.05-.14.14-.16.26l-1.11 5.22c-2.33.07-4.43.78-5.95 1.86A2.2 2.2 0 0 0 4.19 10a2.16 2.16 0 0 0-.9 4.15 3.6 3.6 0 0 0-.05.66c0 3.37 3.92 6.12 8.76 6.12s8.76-2.73 8.76-6.12c0-.21-.01-.44-.05-.66A2.21 2.21 0 0 0 22 12.14M7 13.7c0-.86.68-1.56 1.54-1.56s1.56.7 1.56 1.56a1.56 1.56 0 0 1-1.56 1.56c-.86.02-1.54-.7-1.54-1.56m8.71 4.14C14.63 18.92 12.59 19 12 19c-.61 0-2.65-.1-3.71-1.16a.4.4 0 0 1 0-.57.4.4 0 0 1 .57 0c.68.68 2.14.91 3.14.91s2.47-.23 3.14-.91a.4.4 0 0 1 .57 0c.14.16.14.41 0 .57m-.29-2.56c-.86 0-1.56-.7-1.56-1.56a1.56 1.56 0 0 1 1.56-1.56c.86 0 1.58.7 1.58 1.56a1.6 1.6 0 0 1-1.58 1.56z"
                />
                <title>
                  reddit
                </title>
              </svg>
            </a>
            <a
              class="link"
              data-tippy-content="@instagram_handle"
              href="#"
            >
              <svg
                class="MuiSvgIcon-root MuiSvgIcon-fontSizeLarge fill-current text-gray-600 hover:text-sky-700 css-tzssek-MuiSvgIcon-root"
                data-testid="InstagramIcon"
                focusable="false"
                role="img"
                viewBox="0 0 24 24"
              >
                <path
                  d="M7.8 2h8.4C19.4 2 22 4.6 22 7.8v8.4a5.8 5.8 0 0 1-5.8 5.8H7.8C4.6 22 2 19.4 2 16.2V7.8A5.8 5.8 0 0 1 7.8 2m-.2 2A3.6 3.6 0 0 0 4 7.6v8.8C4 18.39 5.61 20 7.6 20h8.8a3.6 3.6 0 0 0 3.6-3.6V7.6C20 5.61 18.39 4 16.4 4H7.6m9.65 1.5a1.25 1.25 0 0 1 1.25 1.25A1.25 1.25 0 0 1 17.25 8 1.25 1.25 0 0 1 16 6.75a1.25 1.25 0 0 1 1.25-1.25M12 7a5 5 0 0 1 5 5 5 5 0 0 1-5 5 5 5 0 0 1-5-5 5 5 0 0 1 5-5m0 2a3 3 0 0 0-3 3 3 3 0 0 0 3 3 3 3 0 0 0 3-3 3 3 0 0 0-3-3z"
                />
                <title>
                  instagram
                </title>
              </svg>
            </a>
            <a
              class="link"
              data-tippy-content="@youtube_handle"
              href="#"
            >
              <svg
                class="MuiSvgIcon-root MuiSvgIcon-fontSizeLarge fill-current text-gray-600 hover:text-sky-700 css-tzssek-MuiSvgIcon-root"
                data-testid="YouTubeIcon"
                focusable="false"
                role="img"
                viewBox="0 0 24 24"
              >
                <path
                  d="M10 15l5.19-3L10 9v6m11.56-7.83c.13.47.22 1.1.28 1.9.07.8.1 1.49.1 2.09L22 12c0 2.19-.16 3.8-.44 4.83-.25.9-.83 1.48-1.73 1.73-.47.13-1.33.22-2.65.28-1.3.07-2.49.1-3.59.1L12 19c-4.19 0-6.8-.16-7.83-.44-.9-.25-1.48-.83-1.73-1.73-.13-.47-.22-1.1-.28-1.9-.07-.8-.1-1.49-.1-2.09L2 12c0-2.19.16-3.8.44-4.83.25-.9.83-1.48 1.73-1.73.47-.13 1.33-.22 2.65-.28 1.3-.07 2.49-.1 3.59-.1L12 5c4.19 0 6.8.16 7.83.44.9.25 1.48.83 1.73 1.73z"
                />
                <title>
                  youtube
                </title>
              </svg>
            </a>
          </div>
        </div>
      </div>
      <div
        class="w-full lg:w-2/5"
      >
        <img
          alt="profile"
          class="hidden rounded-none shadow-2xl lg:block lg:rounded-lg"
          data-nimg="1"
          decoding="async"
          height="40"
          loading="lazy"
          src="/_next/image?url=%2Fimg.jpg&w=96&q=75"
          srcset="/_next/image?url=%2Fimg.jpg&w=48&q=75 1x, /_next/image?url=%2Fimg.jpg&w=96&q=75 2x"
          style="color: transparent;"
          width="40"
        />
      </div>
      <div
        class="w-18 absolute top-0 right-0 h-12 p-4"
      >
        <div>
          <svg
            aria-hidden="true"
            class="MuiSvgIcon-root MuiSvgIcon-fontSizeMedium cursor-pointer text-yellow-500 css-i4bv87-MuiSvgIcon-root"
            data-testid="DarkModeIcon"
            focusable="false"
            viewBox="0 0 24 24"
          >
            <path
              d="M12 3c-4.97 0-9 4.03-9 9s4.03 9 9 9 9-4.03 9-9c0-.46-.04-.92-.1-1.36-.98 1.37-2.58 2.26-4.4 2.26-2.98 0-5.4-2.42-5.4-5.4 0-1.81.89-3.42 2.26-4.4-.44-.06-.9-.1-1.36-.1z"
            />
          </svg>
        </div>
      </div>
    </div>
  </main>
</div>
`;
