// Jest Snapshot v1, https://goo.gl/fbAQLP

exports[`Navbar to match snapshot 1`] = `
<div>
  <nav
    class="dark:text-white"
  >
    <div
      class="MuiContainer-root MuiContainer-maxWidthLg css-1oqqzyl-MuiContainer-root"
    >
      <div
        class="flex items-center justify-between py-8"
      >
        <h1
          class="text-xl uppercase"
        >
          Hieu Doan
        </h1>
        <ul
          class="flex items-center"
        >
          <li>
            <svg
              aria-hidden="true"
              class="MuiSvgIcon-root MuiSvgIcon-fontSizeMedium cursor-pointer text-4xl css-i4bv87-MuiSvgIcon-root"
              data-testid="DarkModeIcon"
              focusable="false"
              viewBox="0 0 24 24"
            >
              <path
                d="M12 3c-4.97 0-9 4.03-9 9s4.03 9 9 9 9-4.03 9-9c0-.46-.04-.92-.1-1.36-.98 1.37-2.58 2.26-4.4 2.26-2.98 0-5.4-2.42-5.4-5.4 0-1.81.89-3.42 2.26-4.4-.44-.06-.9-.1-1.36-.1z"
              />
            </svg>
          </li>
        </ul>
      </div>
    </div>
  </nav>
</div>
`;
