// Jest Snapshot v1, https://goo.gl/fbAQLP

exports[`Navbar to match snapshot 1`] = `
<div>
  <nav
    class="py-8"
  >
    <div
      class="MuiContainer-root MuiContainer-maxWidthLg css-1oqqzyl-MuiContainer-root"
    >
      <div
        class="flex items-center justify-between"
      >
        <a
          aria-current="page"
          class="flex items-center gap-2"
          href="/"
        >
          <svg
            aria-hidden="true"
            class="MuiSvgIcon-root MuiSvgIcon-fontSizeLarge text-primary-500 css-tzssek-MuiSvgIcon-root"
            data-testid="DashboardIcon"
            focusable="false"
            viewBox="0 0 24 24"
          >
            <path
              d="M3 13h8V3H3v10zm0 8h8v-6H3v6zm10 0h8V11h-8v10zm0-18v6h8V3h-8z"
            />
          </svg>
          <span
            class="text-2xl uppercase text-primary-500"
          >
            App
          </span>
        </a>
      </div>
    </div>
  </nav>
</div>
`;
