// Jest Snapshot v1, https://goo.gl/fbAQLP

exports[`HomeTemplate to match snapshot 1`] = `
<div>
  <div
    class=""
  >
    <main
      class="bg-white dark:bg-gray-900"
    >
      <nav
        class="dark:text-white"
      >
        <div
          class="MuiContainer-root MuiContainer-maxWidthLg css-1oqqzyl-MuiContainer-root"
        >
          <div
            class="flex items-center justify-between py-8"
          >
            <h1
              class="text-xl uppercase"
            >
              Hieu Doan
            </h1>
            <ul
              class="flex items-center"
            >
              <li>
                <svg
                  aria-hidden="true"
                  class="MuiSvgIcon-root MuiSvgIcon-fontSizeMedium cursor-pointer text-4xl css-i4bv87-MuiSvgIcon-root"
                  data-testid="DarkModeIcon"
                  focusable="false"
                  viewBox="0 0 24 24"
                >
                  <path
                    d="M12 3c-4.97 0-9 4.03-9 9s4.03 9 9 9 9-4.03 9-9c0-.46-.04-.92-.1-1.36-.98 1.37-2.58 2.26-4.4 2.26-2.98 0-5.4-2.42-5.4-5.4 0-1.81.89-3.42 2.26-4.4-.44-.06-.9-.1-1.36-.1z"
                  />
                </svg>
              </li>
            </ul>
          </div>
        </div>
      </nav>
      <section
        class="min-h-screen py-8 md:py-16"
        id="hero"
      >
        <div
          class="MuiContainer-root MuiContainer-maxWidthLg css-1oqqzyl-MuiContainer-root"
        >
          <div>
            <h2
              class="mb-8 text-center text-4xl font-medium text-teal-600 dark:text-teal-400 md:text-5xl lg:text-6xl"
            >
              Hieu Doan
            </h2>
            <h1
              class="mb-8 text-center text-2xl capitalize dark:text-white md:text-3xl lg:text-4xl"
            >
              Full-stack Developer
            </h1>
            <p
              class="mx-auto mb-8 max-w-xl text-center leading-8 text-gray-800 dark:text-gray-200"
            >
              Freelancer providing services for programming and design content needs. Join me down below and let's get cracking!
            </p>
            <div
              class="mb-16 flex justify-center gap-16 text-gray-600 dark:text-gray-400"
            >
              <a
                href="https://github.com/hieudoanm"
              >
                <div
                  class="flex h-16 w-16 items-center justify-center rounded-full bg-teal-600 dark:bg-teal-400"
                >
                  <svg
                    aria-hidden="true"
                    class="MuiSvgIcon-root MuiSvgIcon-fontSizeLarge text-white css-tzssek-MuiSvgIcon-root"
                    data-testid="GitHubIcon"
                    focusable="false"
                    viewBox="0 0 24 24"
                  >
                    <path
                      d="M12 1.27a11 11 0 00-3.48 21.46c.55.09.73-.28.73-.55v-1.84c-3.03.64-3.67-1.46-3.67-1.46-.55-1.29-1.28-1.65-1.28-1.65-.92-.65.1-.65.1-.65 1.1 0 1.73 1.1 1.73 1.1.92 1.65 2.57 1.2 3.21.92a2 2 0 01.64-1.47c-2.47-.27-5.04-1.19-5.04-5.5 0-1.1.46-2.1 1.2-2.84a3.76 3.76 0 010-2.93s.91-.28 3.11 1.1c1.8-.49 3.7-.49 5.5 0 2.1-1.38 3.02-1.1 3.02-1.1a3.76 3.76 0 010 2.93c.83.74 1.2 1.74 1.2 2.94 0 4.21-2.57 5.13-5.04 5.4.45.37.82.92.82 2.02v3.03c0 .27.1.64.73.55A11 11 0 0012 1.27"
                    />
                  </svg>
                </div>
              </a>
              <a
                href="https://linkedin.com/in/hieudoanm"
              >
                <div
                  class="flex h-16 w-16 items-center justify-center rounded-full bg-teal-600 dark:bg-teal-400"
                >
                  <svg
                    aria-hidden="true"
                    class="MuiSvgIcon-root MuiSvgIcon-fontSizeLarge text-white css-tzssek-MuiSvgIcon-root"
                    data-testid="LinkedInIcon"
                    focusable="false"
                    viewBox="0 0 24 24"
                  >
                    <path
                      d="M19 3a2 2 0 0 1 2 2v14a2 2 0 0 1-2 2H5a2 2 0 0 1-2-2V5a2 2 0 0 1 2-2h14m-.5 15.5v-5.3a3.26 3.26 0 0 0-3.26-3.26c-.85 0-1.84.52-2.32 1.3v-1.11h-2.79v8.37h2.79v-4.93c0-.77.62-1.4 1.39-1.4a1.4 1.4 0 0 1 1.4 1.4v4.93h2.79M6.88 8.56a1.68 1.68 0 0 0 1.68-1.68c0-.93-.75-1.69-1.68-1.69a1.69 1.69 0 0 0-1.69 1.69c0 .93.76 1.68 1.69 1.68m1.39 9.94v-8.37H5.5v8.37h2.77z"
                    />
                  </svg>
                </div>
              </a>
              <a
                href="https://twitter.com/hieudoanm"
              >
                <div
                  class="flex h-16 w-16 items-center justify-center rounded-full bg-teal-600 dark:bg-teal-400"
                >
                  <svg
                    aria-hidden="true"
                    class="MuiSvgIcon-root MuiSvgIcon-fontSizeLarge text-white css-tzssek-MuiSvgIcon-root"
                    data-testid="TwitterIcon"
                    focusable="false"
                    viewBox="0 0 24 24"
                  >
                    <path
                      d="M22.46 6c-.77.35-1.6.58-2.46.69.88-.53 1.56-1.37 1.88-2.38-.83.5-1.75.85-2.72 1.05C18.37 4.5 17.26 4 16 4c-2.35 0-4.27 1.92-4.27 4.29 0 .34.04.67.11.98C8.28 9.09 5.11 7.38 3 4.79c-.37.63-.58 1.37-.58 2.15 0 1.49.75 2.81 1.91 3.56-.71 0-1.37-.2-1.95-.5v.03c0 2.08 1.48 3.82 3.44 4.21a4.22 4.22 0 0 1-1.93.07 4.28 4.28 0 0 0 4 2.98 8.521 8.521 0 0 1-5.33 1.84c-.34 0-.68-.02-1.02-.06C3.44 20.29 5.7 21 8.12 21 16 21 20.33 14.46 20.33 8.79c0-.19 0-.37-.01-.56.84-.6 1.56-1.36 2.14-2.23z"
                    />
                  </svg>
                </div>
              </a>
            </div>
            <div
              class="mx-auto h-80 w-80 overflow-hidden rounded-full bg-gradient-to-b from-teal-500 md:h-96 md:w-96"
            >
              <div
                class="h-full w-full bg-cover bg-center"
                style="background-image: url(/img.jpg);"
              />
            </div>
          </div>
        </div>
      </section>
      <section
        class="py-8 md:py-16"
        id="services"
      >
        <div
          class="MuiContainer-root MuiContainer-maxWidthLg css-1oqqzyl-MuiContainer-root"
        >
          <h1
            class="mb-8 text-center text-2xl capitalize dark:text-white md:text-3xl lg:text-4xl"
          >
            Services I offer
          </h1>
          <p
            class="mx-auto mb-8 max-w-xl text-center leading-8 text-gray-800 dark:text-gray-200"
          >
            Since the beginning of my journey as a freelance developer, I've done remote work for
            <span
              class="text-teal-500"
            >
               agencies 
            </span>
            consulted for 
            <span
              class="text-teal-500"
            >
              startups 
            </span>
            and collaborated with talanted people to create digital products for both business and consumer use.
          </p>
          <p
            class="mx-auto mb-8 max-w-xl text-center leading-8 text-gray-800 dark:text-gray-200"
          >
            I offer from a wide range of services, including programming and teaching.
          </p>
          <div
            class="grid grid-cols-1 gap-8 md:grid-cols-3"
          >
            <div
              class="rounded-xl border p-8 text-center shadow-md transition-all hover:shadow-2xl dark:border-gray-900 dark:bg-gray-800 dark:text-white"
            >
              <img
                alt="Front-end"
                class="mx-auto mb-8"
                data-nimg="1"
                decoding="async"
                height="40"
                loading="lazy"
                src="/_next/image?url=%2Fimg.jpg&w=96&q=75"
                srcset="/_next/image?url=%2Fimg.jpg&w=48&q=75 1x, /_next/image?url=%2Fimg.jpg&w=96&q=75 2x"
                style="color: transparent;"
                width="40"
              />
              <h3
                class="mb-8 text-lg font-medium"
              >
                Front-end
              </h3>
              <p
                class="mb-8"
              >
                Creating elegant designs suited for your needs following core design theory.
              </p>
              <h4
                class="mb-8 text-teal-600"
              >
                Develop Tools I Use
              </h4>
              <p
                class="py-1 text-gray-800 dark:text-white"
              >
                React
              </p>
              <p
                class="py-1 text-gray-800 dark:text-white"
              >
                Next.js
              </p>
              <p
                class="py-1 text-gray-800 dark:text-white"
              >
                Tailwindcss
              </p>
              <p
                class="py-1 text-gray-800 dark:text-white"
              >
                MUI
              </p>
            </div>
            <div
              class="rounded-xl border p-8 text-center shadow-md transition-all hover:shadow-2xl dark:border-gray-900 dark:bg-gray-800 dark:text-white"
            >
              <img
                alt="Back-end"
                class="mx-auto mb-8"
                data-nimg="1"
                decoding="async"
                height="40"
                loading="lazy"
                src="/_next/image?url=%2Fimg.jpg&w=96&q=75"
                srcset="/_next/image?url=%2Fimg.jpg&w=48&q=75 1x, /_next/image?url=%2Fimg.jpg&w=96&q=75 2x"
                style="color: transparent;"
                width="40"
              />
              <h3
                class="mb-8 text-lg font-medium"
              >
                Back-end
              </h3>
              <p
                class="mb-8"
              >
                Do you have an idea for your next great website? Let's make it a reality.
              </p>
              <h4
                class="mb-8 text-teal-600"
              >
                Develop Tools I Use
              </h4>
              <p
                class="py-1 text-gray-800 dark:text-white"
              >
                Node.js
              </p>
              <p
                class="py-1 text-gray-800 dark:text-white"
              >
                Golang
              </p>
              <p
                class="py-1 text-gray-800 dark:text-white"
              >
                Prisma
              </p>
              <p
                class="py-1 text-gray-800 dark:text-white"
              >
                PostgreSQL
              </p>
            </div>
            <div
              class="rounded-xl border p-8 text-center shadow-md transition-all hover:shadow-2xl dark:border-gray-900 dark:bg-gray-800 dark:text-white"
            >
              <img
                alt="Consulting"
                class="mx-auto mb-8"
                data-nimg="1"
                decoding="async"
                height="40"
                loading="lazy"
                src="/_next/image?url=%2Fimg.jpg&w=96&q=75"
                srcset="/_next/image?url=%2Fimg.jpg&w=48&q=75 1x, /_next/image?url=%2Fimg.jpg&w=96&q=75 2x"
                style="color: transparent;"
                width="40"
              />
              <h3
                class="mb-8 text-lg font-medium"
              >
                Consulting
              </h3>
              <p
                class="mb-8"
              >
                Are you interested in feedback for your current project? I can give you tips and tricks to level it up.
              </p>
              <h4
                class="mb-8 text-teal-600"
              >
                Develop Tools I Use
              </h4>
              <p
                class="py-1 text-gray-800 dark:text-white"
              >
                Front-end Development
              </p>
              <p
                class="py-1 text-gray-800 dark:text-white"
              >
                Back-end Development
              </p>
              <p
                class="py-1 text-gray-800 dark:text-white"
              >
                Infrastructure as Code
              </p>
              <p
                class="py-1 text-gray-800 dark:text-white"
              >
                Machine Learning
              </p>
            </div>
          </div>
        </div>
      </section>
      <section
        class="py-8 md:py-16"
        id="portofolio"
      >
        <div
          class="MuiContainer-root MuiContainer-maxWidthLg css-1oqqzyl-MuiContainer-root"
        >
          <h1
            class="mb-8 text-center text-2xl capitalize dark:text-white md:text-3xl lg:text-4xl"
          >
            Portofolio
          </h1>
          <p
            class="mx-auto mb-8 max-w-xl text-center leading-8 text-gray-800 dark:text-gray-200"
          >
            Since the beginning of my journey as a freelance developer, I've done remote work for
            <span
              class="text-teal-500"
            >
               agencies 
            </span>
            consulted for 
            <span
              class="text-teal-500"
            >
              startups 
            </span>
            and collaborated with talanted people to create digital products for both business and consumer use.
          </p>
          <p
            class="mx-auto mb-8 max-w-xl text-center leading-8 text-gray-800 dark:text-gray-200"
          >
            I offer from a wide range of services, including programming and teaching.
          </p>
          <div
            class="grid grid-cols-1 gap-8 md:grid-cols-2 lg:grid-cols-3"
          >
            <div
              class="col-span-1"
            >
              <a
                class="block overflow-hidden rounded-lg border shadow-md transition-all hover:shadow-2xl"
                href="#"
              >
                <img
                  alt="web1"
                  class="object-cover"
                  data-nimg="1"
                  decoding="async"
                  height="40"
                  loading="lazy"
                  src="/_next/image?url=%2Fimg.jpg&w=96&q=75"
                  srcset="/_next/image?url=%2Fimg.jpg&w=48&q=75 1x, /_next/image?url=%2Fimg.jpg&w=96&q=75 2x"
                  style="color: transparent;"
                  width="40"
                />
              </a>
            </div>
            <div
              class="col-span-1"
            >
              <a
                class="block overflow-hidden rounded-lg border shadow-md transition-all hover:shadow-2xl"
                href="#"
              >
                <img
                  alt="web2"
                  class="object-cover"
                  data-nimg="1"
                  decoding="async"
                  height="40"
                  loading="lazy"
                  src="/_next/image?url=%2Fimg.jpg&w=96&q=75"
                  srcset="/_next/image?url=%2Fimg.jpg&w=48&q=75 1x, /_next/image?url=%2Fimg.jpg&w=96&q=75 2x"
                  style="color: transparent;"
                  width="40"
                />
              </a>
            </div>
            <div
              class="col-span-1"
            >
              <a
                class="block overflow-hidden rounded-lg border shadow-md transition-all hover:shadow-2xl"
                href="#"
              >
                <img
                  alt="web3"
                  class="object-cover"
                  data-nimg="1"
                  decoding="async"
                  height="40"
                  loading="lazy"
                  src="/_next/image?url=%2Fimg.jpg&w=96&q=75"
                  srcset="/_next/image?url=%2Fimg.jpg&w=48&q=75 1x, /_next/image?url=%2Fimg.jpg&w=96&q=75 2x"
                  style="color: transparent;"
                  width="40"
                />
              </a>
            </div>
            <div
              class="col-span-1"
            >
              <a
                class="block overflow-hidden rounded-lg border shadow-md transition-all hover:shadow-2xl"
                href="#"
              >
                <img
                  alt="web4"
                  class="object-cover"
                  data-nimg="1"
                  decoding="async"
                  height="40"
                  loading="lazy"
                  src="/_next/image?url=%2Fimg.jpg&w=96&q=75"
                  srcset="/_next/image?url=%2Fimg.jpg&w=48&q=75 1x, /_next/image?url=%2Fimg.jpg&w=96&q=75 2x"
                  style="color: transparent;"
                  width="40"
                />
              </a>
            </div>
            <div
              class="col-span-1"
            >
              <a
                class="block overflow-hidden rounded-lg border shadow-md transition-all hover:shadow-2xl"
                href="#"
              >
                <img
                  alt="web5"
                  class="object-cover"
                  data-nimg="1"
                  decoding="async"
                  height="40"
                  loading="lazy"
                  src="/_next/image?url=%2Fimg.jpg&w=96&q=75"
                  srcset="/_next/image?url=%2Fimg.jpg&w=48&q=75 1x, /_next/image?url=%2Fimg.jpg&w=96&q=75 2x"
                  style="color: transparent;"
                  width="40"
                />
              </a>
            </div>
            <div
              class="col-span-1"
            >
              <a
                class="block overflow-hidden rounded-lg border shadow-md transition-all hover:shadow-2xl"
                href="#"
              >
                <img
                  alt="web6"
                  class="object-cover"
                  data-nimg="1"
                  decoding="async"
                  height="40"
                  loading="lazy"
                  src="/_next/image?url=%2Fimg.jpg&w=96&q=75"
                  srcset="/_next/image?url=%2Fimg.jpg&w=48&q=75 1x, /_next/image?url=%2Fimg.jpg&w=96&q=75 2x"
                  style="color: transparent;"
                  width="40"
                />
              </a>
            </div>
          </div>
        </div>
      </section>
    </main>
  </div>
</div>
`;
