// Jest Snapshot v1, https://goo.gl/fbAQLP

exports[`Services to match snapshot 1`] = `
<div>
  <section
    class="py-8 md:py-16"
    id="services"
  >
    <div
      class="MuiContainer-root MuiContainer-maxWidthLg css-1oqqzyl-MuiContainer-root"
    >
      <h1
        class="mb-8 text-center text-2xl capitalize dark:text-white md:text-3xl lg:text-4xl"
      >
        Services I offer
      </h1>
      <p
        class="mx-auto mb-8 max-w-xl text-center leading-8 text-gray-800 dark:text-gray-200"
      >
        Since the beginning of my journey as a freelance developer, I've done remote work for
        <span
          class="text-teal-500"
        >
           agencies 
        </span>
        consulted for 
        <span
          class="text-teal-500"
        >
          startups 
        </span>
        and collaborated with talanted people to create digital products for both business and consumer use.
      </p>
      <p
        class="mx-auto mb-8 max-w-xl text-center leading-8 text-gray-800 dark:text-gray-200"
      >
        I offer from a wide range of services, including programming and teaching.
      </p>
      <div
        class="grid grid-cols-1 gap-8 md:grid-cols-3"
      >
        <div
          class="rounded-xl border p-8 text-center shadow-md transition-all hover:shadow-2xl dark:border-gray-900 dark:bg-gray-800 dark:text-white"
        >
          <img
            alt="Front-end"
            class="mx-auto mb-8"
            data-nimg="1"
            decoding="async"
            height="40"
            loading="lazy"
            src="/_next/image?url=%2Fimg.jpg&w=96&q=75"
            srcset="/_next/image?url=%2Fimg.jpg&w=48&q=75 1x, /_next/image?url=%2Fimg.jpg&w=96&q=75 2x"
            style="color: transparent;"
            width="40"
          />
          <h3
            class="mb-8 text-lg font-medium"
          >
            Front-end
          </h3>
          <p
            class="mb-8"
          >
            Creating elegant designs suited for your needs following core design theory.
          </p>
          <h4
            class="mb-8 text-teal-600"
          >
            Develop Tools I Use
          </h4>
          <p
            class="py-1 text-gray-800 dark:text-white"
          >
            React
          </p>
          <p
            class="py-1 text-gray-800 dark:text-white"
          >
            Next.js
          </p>
          <p
            class="py-1 text-gray-800 dark:text-white"
          >
            Tailwindcss
          </p>
          <p
            class="py-1 text-gray-800 dark:text-white"
          >
            MUI
          </p>
        </div>
        <div
          class="rounded-xl border p-8 text-center shadow-md transition-all hover:shadow-2xl dark:border-gray-900 dark:bg-gray-800 dark:text-white"
        >
          <img
            alt="Back-end"
            class="mx-auto mb-8"
            data-nimg="1"
            decoding="async"
            height="40"
            loading="lazy"
            src="/_next/image?url=%2Fimg.jpg&w=96&q=75"
            srcset="/_next/image?url=%2Fimg.jpg&w=48&q=75 1x, /_next/image?url=%2Fimg.jpg&w=96&q=75 2x"
            style="color: transparent;"
            width="40"
          />
          <h3
            class="mb-8 text-lg font-medium"
          >
            Back-end
          </h3>
          <p
            class="mb-8"
          >
            Do you have an idea for your next great website? Let's make it a reality.
          </p>
          <h4
            class="mb-8 text-teal-600"
          >
            Develop Tools I Use
          </h4>
          <p
            class="py-1 text-gray-800 dark:text-white"
          >
            Node.js
          </p>
          <p
            class="py-1 text-gray-800 dark:text-white"
          >
            Golang
          </p>
          <p
            class="py-1 text-gray-800 dark:text-white"
          >
            Prisma
          </p>
          <p
            class="py-1 text-gray-800 dark:text-white"
          >
            PostgreSQL
          </p>
        </div>
        <div
          class="rounded-xl border p-8 text-center shadow-md transition-all hover:shadow-2xl dark:border-gray-900 dark:bg-gray-800 dark:text-white"
        >
          <img
            alt="Consulting"
            class="mx-auto mb-8"
            data-nimg="1"
            decoding="async"
            height="40"
            loading="lazy"
            src="/_next/image?url=%2Fimg.jpg&w=96&q=75"
            srcset="/_next/image?url=%2Fimg.jpg&w=48&q=75 1x, /_next/image?url=%2Fimg.jpg&w=96&q=75 2x"
            style="color: transparent;"
            width="40"
          />
          <h3
            class="mb-8 text-lg font-medium"
          >
            Consulting
          </h3>
          <p
            class="mb-8"
          >
            Are you interested in feedback for your current project? I can give you tips and tricks to level it up.
          </p>
          <h4
            class="mb-8 text-teal-600"
          >
            Develop Tools I Use
          </h4>
          <p
            class="py-1 text-gray-800 dark:text-white"
          >
            Front-end Development
          </p>
          <p
            class="py-1 text-gray-800 dark:text-white"
          >
            Back-end Development
          </p>
          <p
            class="py-1 text-gray-800 dark:text-white"
          >
            Infrastructure as Code
          </p>
          <p
            class="py-1 text-gray-800 dark:text-white"
          >
            Machine Learning
          </p>
        </div>
      </div>
    </div>
  </section>
</div>
`;
