// Jest Snapshot v1, https://goo.gl/fbAQLP

exports[`Message to match snapshot 1`] = `
<div>
  <div
    class="flex w-full flex-col justify-center overflow-y-hidden"
  >
    <h1
      class="slide-in-bottom-h1 mb-8 text-center text-3xl font-bold leading-tight text-purple-800 md:text-left md:text-5xl"
    >
      Main Hero Message to sell your app
    </h1>
    <p
      class="slide-in-bottom-subtitle mb-8 text-center text-base leading-normal text-gray-900 md:text-left md:text-2xl"
    >
      Sub-hero message, not too long and not too short. Make it just right!
    </p>
    <p
      class="fade-in mb-8 text-center font-bold capitalize text-blue-400 md:text-left"
    >
      Download our app
    </p>
    <div
      class="fade-in flex w-full justify-center gap-4 md:justify-start md:gap-8"
    >
      <a
        class="w-48"
        href="#"
        target="_blank"
      >
        <img
          alt="App Store"
          class="bounce-top-icons"
          data-nimg="1"
          decoding="async"
          height="40"
          loading="lazy"
          src="/_next/image?url=%2Fimg.jpg&w=96&q=75"
          srcset="/_next/image?url=%2Fimg.jpg&w=48&q=75 1x, /_next/image?url=%2Fimg.jpg&w=96&q=75 2x"
          style="color: transparent;"
          width="40"
        />
      </a>
      <a
        class="w-48"
        href="#"
        target="_blank"
      >
        <img
          alt="Play Store"
          class="bounce-top-icons"
          data-nimg="1"
          decoding="async"
          height="40"
          loading="lazy"
          src="/_next/image?url=%2Fimg.jpg&w=96&q=75"
          srcset="/_next/image?url=%2Fimg.jpg&w=48&q=75 1x, /_next/image?url=%2Fimg.jpg&w=96&q=75 2x"
          style="color: transparent;"
          width="40"
        />
      </a>
    </div>
  </div>
</div>
`;
