// Jest Snapshot v1, https://goo.gl/fbAQLP

exports[`CTA to match snapshot 1`] = `
<div>
  <section
    class="py-8 md:py-16"
    id="cta"
  >
    <div
      class="MuiContainer-root MuiContainer-maxWidthLg css-1oqqzyl-MuiContainer-root"
    >
      <div
        class="rounded-md bg-primary-100"
      >
        <div
          class="flex flex-col gap-8 p-8 text-center md:flex-row md:items-center md:justify-between md:text-left"
        >
          <div
            class="flex flex-col gap-2 text-2xl font-semibold"
          >
            <h1
              class="text-gray-900"
            >
              title
            </h1>
            <h1
              class="text-primary-500"
            >
              subtitle
            </h1>
          </div>
          <a
            href="#"
          >
            <button
              class="MuiButtonBase-root MuiButton-root MuiButton-contained MuiButton-containedPrimary MuiButton-sizeMedium MuiButton-containedSizeMedium MuiButton-root MuiButton-contained MuiButton-containedPrimary MuiButton-sizeMedium MuiButton-containedSizeMedium px-6 py-4 font-extrabold css-12vt1u-MuiButtonBase-root-MuiButton-root"
              tabindex="0"
              type="button"
            >
              Download App
              <span
                class="MuiTouchRipple-root css-8je8zh-MuiTouchRipple-root"
              />
            </button>
          </a>
        </div>
      </div>
    </div>
  </section>
</div>
`;
